2026-05-29 00:00:04, EXEC, v:1, k:ed@princesa, mode:FULL, size:53, fail:COMP
2026-05-29 00:00:04, EXEC, v:1, k:ed@princesa, mode:FULL, size:53, fail:COMP
2026-05-29 00:00:02, MOVE, v:1, k:ed@princesa, mode:EDIT
2026-05-29 00:01:15, EXEC, v:1, k:ed@princesa, mode:FULL, size:43, fail:COMP
2026-05-29 00:01:17, EXEC, v:1, k:ed@princesa, mode:FULL, fail:COMP
2026-05-29 00:01:17, EXEC, v:1, k:ed@princesa, mode:FULL, fail:COMP
2026-05-29 00:01:18, EXEC, v:1, k:ed@princesa, mode:FULL, fail:COMP
2026-05-29 00:01:18, EXEC, v:1, k:ed@princesa, mode:FULL, fail:COMP
2026-05-29 00:01:18, EXEC, v:1, k:ed@princesa, mode:FULL, fail:COMP
2026-05-29 00:01:18, EXEC, v:1, k:ed@princesa, mode:FULL, fail:COMP
2026-05-29 00:04:35, EXEC, v:1, k:ed@princesa, mode:FULL, fail:COMP
2026-05-29 00:04:37, EXEC, v:1, k:ed@princesa, mode:FULL, fail:COMP
2026-05-29 00:04:42, EXEC, v:1, k:ed@princesa, mode:FULL, fail:COMP
2026-05-29 00:04:42, EXEC, v:1, k:ed@princesa, mode:FULL, fail:COMP
2026-05-29 00:04:43, EXEC, v:1, k:ed@princesa, mode:FULL, fail:COMP
2026-05-29 00:04:43, EXEC, v:1, k:ed@princesa, mode:FULL, fail:COMP
2026-05-29 00:04:43, EXEC, v:1, k:ed@princesa, mode:FULL, fail:COMP
2026-05-29 00:05:05, MOVE, v:1, k:ed@princesa, mode:BACK
2026-05-29 00:05:08, MOVE, v:1, k:ed@gomos, mode:PICK
2026-05-29 00:05:10, EXEC, v:1, k:ed@gomos, mode:FULL, rate:100
2026-05-29 00:05:11, MOVE, v:1, k:ed@gomos, mode:BACK
2026-05-29 00:05:12, MOVE, v:1, k:ed@princesa, mode:PICK
2026-05-29 00:05:12, MOVE, v:1, k:ed@princesa, mode:BACK
2026-05-29 00:05:15, MOVE, v:1, k:ed@apagando, mode:DOWN
2026-05-29 00:05:15, MOVE, v:1, k:ed@apagando, mode:PICK
2026-05-29 00:05:15, EXEC, v:1, k:ed@apagando, mode:FREE, size:4
2026-05-29 00:05:18, EXEC, v:1, k:ed@apagando, mode:FULL, fail:COMP
2026-05-29 00:05:20, EXEC, v:1, k:ed@apagando, mode:FULL, fail:COMP
2026-05-29 00:05:20, MOVE, v:1, k:ed@apagando, mode:BACK
2026-05-29 00:05:21, MOVE, v:1, k:ed@manipulacao, mode:DOWN
2026-05-29 00:05:21, MOVE, v:1, k:ed@manipulacao, mode:PICK
2026-05-29 00:05:24, EXEC, v:1, k:ed@manipulacao, mode:FULL, rate:0, size:106
2026-05-29 00:05:25, MOVE, v:1, k:ed@manipulacao, mode:BACK
2026-05-29 00:05:26, MOVE, v:1, k:ed@apagando, mode:PICK
2026-05-29 00:05:27, EXEC, v:1, k:ed@apagando, mode:FULL, fail:COMP
2026-05-29 00:05:28, MOVE, v:1, k:ed@apagando, mode:BACK
2026-05-29 00:01:14, MOVE, v:1, k:ed@princesa, mode:EDIT
2026-05-29 00:05:15, MOVE, v:1, k:ed@apagando, mode:EDIT
2026-05-29 00:05:15, MOVE, v:1, k:ed@apagando, mode:EDIT
2026-05-29 00:05:15, MOVE, v:1, k:ed@apagando, mode:EDIT
2026-05-29 00:05:21, MOVE, v:1, k:ed@manipulacao, mode:EDIT
2026-05-29 00:05:21, MOVE, v:1, k:ed@manipulacao, mode:EDIT
2026-05-29 00:05:21, MOVE, v:1, k:ed@manipulacao, mode:EDIT
2026-05-29 00:05:29, MOVE, v:1, k:ed@especiais, mode:DOWN
2026-05-29 00:05:30, MOVE, v:1, k:ed@especiais, mode:PICK
2026-05-29 00:05:31, EXEC, v:1, k:ed@especiais, mode:FULL, rate:0, size:132
2026-05-29 00:05:32, MOVE, v:1, k:ed@especiais, mode:BACK
2026-05-29 00:05:34, MOVE, v:1, k:ed@princesa, mode:PICK
2026-05-29 00:05:40, MOVE, v:1, k:ed@princesa, mode:BACK
2026-05-29 00:05:55, MOVE, v:1, k:ed@princesa, mode:PICK
2026-05-29 00:05:56, EXEC, v:1, k:ed@princesa, mode:FULL, fail:COMP
2026-05-29 00:06:15, MOVE, v:1, k:ed@princesa, mode:BACK
2026-05-29 00:06:16, MOVE, v:1, k:ed@apagando, mode:PICK
2026-05-29 00:06:40, EXEC, v:1, k:ed@apagando, mode:FULL, rate:0, size:5
2026-05-29 00:06:48, EXEC, v:1, k:ed@apagando, mode:FULL, size:5, fail:COMP
2026-05-29 00:06:47, MOVE, v:1, k:ed@apagando, mode:EDIT
2026-05-29 00:12:37, MOVE, v:1, k:ed@apagando, mode:BACK
2026-05-29 00:12:40, MOVE, v:1, k:ed@princesa, mode:PICK
2026-05-29 00:12:46, EXEC, v:1, k:ed@princesa, mode:FULL, rate:0, size:55
2026-05-29 00:12:50, EXEC, v:1, k:ed@princesa, mode:FULL, rate:0
2026-05-29 22:26:40, MOVE, v:1, k:ed@princesa, mode:PICK
2026-05-29 22:26:46, EXEC, v:1, k:ed@princesa, mode:FULL, rate:0
2026-05-29 22:28:33, EXEC, v:1, k:ed@princesa, mode:FULL, rate:0, size:56
2026-05-29 22:28:27, MOVE, v:1, k:ed@princesa, mode:EDIT
2026-05-29 22:33:25, MOVE, v:1, k:ed@princesa, mode:PICK
2026-05-29 22:33:30, EXEC, v:1, k:ed@princesa, mode:FULL, rate:0, size:53
2026-05-29 22:33:48, EXEC, v:1, k:ed@princesa, mode:FULL, rate:0, size:56
2026-05-29 22:34:32, MOVE, v:1, k:ed@princesa, mode:PICK
2026-05-29 22:34:37, EXEC, v:1, k:ed@princesa, mode:FULL, rate:0, size:56
2026-05-29 22:36:07, EXEC, v:1, k:ed@princesa, mode:FULL, size:56, fail:COMP
2026-05-29 22:36:11, EXEC, v:1, k:ed@princesa, mode:FULL, fail:COMP
2026-05-29 22:36:15, MOVE, v:1, k:ed@princesa, mode:PICK
2026-05-29 22:36:16, EXEC, v:1, k:ed@princesa, mode:FULL, fail:COMP
2026-05-29 22:36:20, EXEC, v:1, k:ed@princesa, mode:FULL, rate:0, size:56
2026-05-29 22:36:26, EXEC, v:1, k:ed@princesa, mode:FULL, rate:0
2026-05-29 22:36:24, MOVE, v:1, k:ed@princesa, mode:EDIT
2026-05-29 22:43:29, EXEC, v:1, k:ed@princesa, mode:FULL, rate:0, size:44
2026-05-29 22:45:04, EXEC, v:1, k:ed@princesa, mode:FULL, size:44, fail:COMP
2026-05-29 22:45:35, EXEC, v:1, k:ed@princesa, mode:FULL, rate:0, size:42
2026-05-29 22:45:40, EXEC, v:1, k:ed@princesa, mode:FULL, size:44, fail:COMP
2026-05-29 22:45:56, MOVE, v:1, k:ed@princesa, mode:PICK
2026-05-29 22:45:57, EXEC, v:1, k:ed@princesa, mode:FULL, fail:COMP
2026-05-29 22:46:15, EXEC, v:1, k:ed@princesa, mode:FULL, rate:100, size:44
2026-05-29 22:46:21, MOVE, v:1, k:ed@princesa, mode:BACK
2026-05-29 22:47:24, SELF, v:1, k:ed@princesa, self:1, rate:100, friend:300, concept:1
