2026-06-09 03:37:32, MOVE, v:1, k:ed@lista_d1, mode:PICK
2026-06-09 03:37:37, EXEC, v:1, k:ed@lista_d1, mode:FULL, rate:14, size:102
2026-06-09 03:37:34, MOVE, v:1, k:ed@lista_d1, mode:EDIT
2026-06-09 03:46:55, MOVE, v:1, k:ed@lista_d1, mode:EDIT
2026-06-09 03:48:06, EXEC, v:1, k:ed@lista_d1, mode:FULL, rate:14, size:102
2026-06-09 03:48:37, MOVE, v:1, k:ed@lista_d1, mode:EDIT
2026-06-09 03:48:06, MOVE, v:1, k:ed@lista_d1, mode:EDIT
2026-06-09 16:05:20, MOVE, v:1, k:ed@lista_d1, mode:PICK
2026-06-09 16:05:24, EXEC, v:1, k:ed@lista_d1, mode:FULL, size:104, fail:COMP
2026-06-09 16:10:02, MOVE, v:1, k:ed@lista_d1, mode:EDIT
2026-06-09 16:11:48, EXEC, v:1, k:ed@lista_d1, mode:FULL, size:105, fail:COMP
2026-06-09 16:15:05, MOVE, v:1, k:ed@lista_d1, mode:EDIT
2026-06-09 16:15:31, EXEC, v:1, k:ed@lista_d1, mode:FULL, rate:14, size:110
2026-06-09 16:15:54, EXEC, v:1, k:ed@lista_d1, mode:FULL, rate:14, size:111
2026-06-09 16:16:34, MOVE, v:1, k:ed@lista_d1, mode:PICK
2026-06-09 16:16:36, EXEC, v:1, k:ed@lista_d1, mode:FULL, rate:14
2026-06-09 16:18:55, EXEC, v:1, k:ed@lista_d1, mode:FULL, rate:14, size:111
2026-06-09 16:18:59, EXEC, v:1, k:ed@lista_d1, mode:FULL, rate:14
2026-06-09 16:20:56, EXEC, v:1, k:ed@lista_d1, mode:FULL, rate:14, size:113
2026-06-09 16:20:55, MOVE, v:1, k:ed@lista_d1, mode:EDIT
2026-06-09 16:20:55, MOVE, v:1, k:ed@lista_d1, mode:EDIT
2026-06-09 16:22:33, EXEC, v:1, k:ed@lista_d1, mode:FULL, rate:14, size:113
2026-06-09 16:22:42, MOVE, v:1, k:ed@lista_d1, mode:EDIT
2026-06-09 16:22:33, MOVE, v:1, k:ed@lista_d1, mode:EDIT
