2026-06-01 20:43:41, MOVE, v:1, k:ed@manipulacao, mode:PICK
2026-06-01 20:43:43, EXEC, v:1, k:ed@manipulacao, mode:FULL, fail:COMP
2026-06-01 20:43:58, EXEC, v:1, k:ed@manipulacao, mode:FULL, size:153, fail:COMP
2026-06-01 20:44:01, EXEC, v:1, k:ed@manipulacao, mode:FULL, fail:COMP
2026-06-01 20:44:17, MOVE, v:1, k:ed@manipulacao, mode:PICK
2026-06-01 20:44:24, MOVE, v:1, k:ed@manipulacao, mode:PICK
2026-06-01 20:46:07, EXEC, v:1, k:ed@manipulacao, mode:FULL, rate:71, size:153
2026-06-01 20:46:10, MOVE, v:1, k:ed@manipulacao, mode:EDIT
2026-06-01 21:05:24, EXEC, v:1, k:ed@manipulacao, mode:FULL, size:166, fail:COMP
2026-06-01 21:05:50, EXEC, v:1, k:ed@manipulacao, mode:FULL, size:166, fail:COMP
2026-06-01 21:06:29, EXEC, v:1, k:ed@manipulacao, mode:FULL, size:164, fail:COMP
2026-06-01 21:08:14, EXEC, v:1, k:ed@manipulacao, mode:FULL, size:166, fail:COMP
2026-06-01 21:08:23, EXEC, v:1, k:ed@manipulacao, mode:FULL, size:167, fail:COMP
2026-06-01 21:08:41, EXEC, v:1, k:ed@manipulacao, mode:FULL, size:167, fail:COMP
2026-06-01 21:09:22, MOVE, v:1, k:ed@manipulacao, mode:EDIT
2026-06-01 21:09:24, EXEC, v:1, k:ed@manipulacao, mode:FULL, rate:85, size:168
2026-06-01 21:14:52, EXEC, v:1, k:ed@manipulacao, mode:FULL, size:184, fail:COMP
2026-06-01 21:15:39, EXEC, v:1, k:ed@manipulacao, mode:FULL, size:184, fail:COMP
2026-06-01 21:17:03, EXEC, v:1, k:ed@manipulacao, mode:FULL, size:184, fail:COMP
2026-06-01 21:18:04, EXEC, v:1, k:ed@manipulacao, mode:FULL, rate:85, size:185
2026-06-01 21:18:01, MOVE, v:1, k:ed@manipulacao, mode:EDIT
2026-06-01 21:20:00, EXEC, v:1, k:ed@manipulacao, mode:FULL, rate:100, size:185
2026-06-01 21:20:10, MOVE, v:1, k:ed@manipulacao, mode:BACK
2026-06-01 21:21:19, SELF, v:1, k:ed@especiais, self:1, study:80, concept:1
2026-06-01 21:21:30, SELF, v:1, k:ed@especiais, self:1, study:80, concept:1
2026-06-01 21:22:43, SELF, v:1, k:ed@pintando, self:1, rate:100, study:20, friend:Nao, concept:1
2026-06-01 21:22:53, SELF, v:1, k:ed@mumia, self:1, rate:100, study:13, friend:Nao, concept:1
2026-06-01 21:23:02, SELF, v:1, k:ed@fuga, self:1, rate:100, study:10, friend:Nao, concept:1
2026-06-01 21:23:13, SELF, v:1, k:ed@casais, self:1, rate:100, study:100, friend:Nao, concept:1
2026-06-01 21:23:15, MOVE, v:1, k:ed@pedra, mode:PICK
2026-06-01 21:23:17, MOVE, v:1, k:ed@pedra, mode:BACK
2026-06-01 21:23:29, SELF, v:1, k:ed@pedra, self:1, rate:100, study:40, friend:Nao, concept:1
2026-06-01 21:23:40, SELF, v:1, k:ed@baruel, self:1, rate:100, study:130, concept:1
2026-06-01 21:23:54, SELF, v:1, k:ed@gomos, self:1, rate:100, study:55, concept:1
2026-06-01 21:24:36, SELF, v:1, k:ed@fuga, self:1, rate:100, study:45, friend:Nao, concept:1
2026-06-01 21:25:05, MOVE, v:1, k:ed@especiais, mode:PICK
2026-06-01 21:25:06, EXEC, v:1, k:ed@especiais, mode:FULL, rate:0
2026-06-01 21:25:07, MOVE, v:1, k:ed@especiais, mode:BACK
2026-06-01 21:25:10, MOVE, v:1, k:ed@manipulacao, mode:PICK
2026-06-01 21:25:10, MOVE, v:1, k:ed@manipulacao, mode:BACK
2026-06-01 21:25:14, MOVE, v:1, k:ed@manipulacao, mode:PICK
2026-06-01 21:25:14, MOVE, v:1, k:ed@manipulacao, mode:BACK
