2026-06-29 00:02:12, EXEC, v:1, k:ed@prin_list1, mode:FULL, size:183, fail:COMP
2026-06-29 00:06:54, EXEC, v:1, k:ed@prin_list1, mode:FULL, size:183, fail:COMP
2026-06-29 00:06:53, MOVE, v:1, k:ed@prin_list1, mode:EDIT
2026-06-29 00:07:24, EXEC, v:1, k:ed@prin_list1, mode:FULL, size:183, fail:COMP
2026-06-29 00:08:15, EXEC, v:1, k:ed@prin_list1, mode:FULL, size:183, fail:COMP
2026-06-29 00:08:12, MOVE, v:1, k:ed@prin_list1, mode:EDIT
2026-06-29 00:18:16, EXEC, v:1, k:ed@prin_list1, mode:FULL, rate:0, size:187
2026-06-29 00:19:45, EXEC, v:1, k:ed@prin_list1, mode:FULL, rate:0, size:189
2026-06-29 00:21:52, MOVE, v:1, k:ed@prin_list1, mode:EDIT
2026-06-29 00:26:47, EXEC, v:1, k:ed@prin_list1, mode:FULL, rate:0, size:195
2026-06-29 00:26:58, EXEC, v:1, k:ed@prin_list1, mode:FULL, rate:0, size:195
2026-06-29 00:27:01, MOVE, v:1, k:ed@prin_list1, mode:EDIT
2026-06-29 00:27:06, EXEC, v:1, k:ed@prin_list1, mode:FULL, rate:0, size:194
2026-06-29 00:27:18, EXEC, v:1, k:ed@prin_list1, mode:FULL, rate:0, size:194
2026-06-29 00:30:55, EXEC, v:1, k:ed@prin_list1, mode:FULL, size:195, fail:COMP
2026-06-29 00:30:59, EXEC, v:1, k:ed@prin_list1, mode:FULL, fail:COMP
2026-06-29 00:31:36, EXEC, v:1, k:ed@prin_list1, mode:FULL, rate:0, size:195
2026-06-29 00:27:13, MOVE, v:1, k:ed@prin_list1, mode:EDIT
2026-06-29 00:31:31, MOVE, v:1, k:ed@prin_list1, mode:EDIT
2026-06-29 00:33:06, EXEC, v:1, k:ed@prin_list1, mode:FULL, rate:0, size:195
2026-06-29 00:33:11, EXEC, v:1, k:ed@prin_list1, mode:FULL, rate:0, size:195
2026-06-29 00:33:30, EXEC, v:1, k:ed@prin_list1, mode:FULL, rate:0, size:194
2026-06-29 00:33:44, EXEC, v:1, k:ed@prin_list1, mode:FULL, size:193, fail:COMP
2026-06-29 00:34:29, EXEC, v:1, k:ed@prin_list1, mode:FULL, rate:0, size:195
2026-06-29 00:36:04, EXEC, v:1, k:ed@prin_list1, mode:FULL, size:194, fail:COMP
2026-06-29 00:36:36, EXEC, v:1, k:ed@prin_list1, mode:FULL, rate:0, size:194
2026-06-29 00:36:41, EXEC, v:1, k:ed@prin_list1, mode:FULL, rate:0
2026-06-29 00:36:30, MOVE, v:1, k:ed@prin_list1, mode:EDIT
2026-06-29 00:37:28, EXEC, v:1, k:ed@prin_list1, mode:FULL, rate:0, size:191
2026-06-29 00:37:48, EXEC, v:1, k:ed@prin_list1, mode:FULL, rate:0, size:191
2026-06-29 00:38:05, MOVE, v:1, k:ed@prin_list1, mode:PICK
2026-06-29 00:38:07, EXEC, v:1, k:ed@prin_list1, mode:FULL, rate:0, size:191
2026-06-29 00:39:55, EXEC, v:1, k:ed@prin_list1, mode:FULL, rate:0, size:190
2026-06-29 00:40:00, EXEC, v:1, k:ed@prin_list1, mode:FULL, rate:0, size:191
2026-06-29 00:39:58, MOVE, v:1, k:ed@prin_list1, mode:EDIT
2026-06-29 00:44:11, EXEC, v:1, k:ed@prin_list1, mode:FULL, rate:100, size:195
2026-06-29 00:44:27, MOVE, v:1, k:ed@prin_list1, mode:BACK
2026-06-29 00:45:12, MOVE, v:1, k:ed@editorint, mode:PICK
2026-06-29 00:45:41, EXEC, v:1, k:ed@editorint, mode:FULL, fail:COMP
2026-06-29 00:45:41, MOVE, v:1, k:ed@editorint, mode:BACK
2026-06-29 00:45:48, MOVE, v:1, k:ed@prin_list1, mode:PICK
2026-06-29 00:45:49, EXEC, v:1, k:ed@prin_list1, mode:FULL, rate:100
2026-06-29 00:45:50, MOVE, v:1, k:ed@prin_list1, mode:BACK
2026-06-29 00:46:06, SELF, v:1, k:ed@prin_list1, self:1, rate:100, study:65, concept:1
2026-06-29 00:46:17, MOVE, v:1, k:ed@editorint, mode:PICK
2026-06-29 00:46:25, MOVE, v:1, k:ed@editorint, mode:BACK
2026-06-29 00:56:34, EXEC, v:1, k:ed@editorint, mode:FREE
2026-06-29 00:58:01, EXEC, v:1, k:ed@editorint, mode:FREE
2026-06-29 00:58:13, EXEC, v:1, k:ed@editorint, mode:FREE
2026-06-29 00:58:54, EXEC, v:1, k:ed@editorint, mode:FREE
2026-06-29 00:59:09, EXEC, v:1, k:ed@editorint, mode:FREE
2026-06-29 00:59:21, EXEC, v:1, k:ed@editorint, mode:FREE
2026-06-29 00:59:39, EXEC, v:1, k:ed@editorint, mode:FREE
2026-06-29 00:59:52, EXEC, v:1, k:ed@editorint, mode:FREE
2026-06-29 01:00:51, EXEC, v:1, k:ed@editorint, mode:FREE
