2026-06-04 01:01:17, MOVE, v:1, k:ed@triangulo, mode:PICK
2026-06-04 01:16:02, EXEC, v:1, k:ed@triangulo, mode:FULL, rate:0
2026-06-04 01:18:36, EXEC, v:1, k:ed@triangulo, mode:FULL, rate:0, size:51
2026-06-04 01:18:53, EXEC, v:1, k:ed@triangulo, mode:FULL, rate:0, size:51
2026-06-04 01:18:41, MOVE, v:1, k:ed@triangulo, mode:EDIT
2026-06-04 01:29:01, MOVE, v:1, k:ed@triangulo, mode:EDIT
2026-06-04 01:32:43, EXEC, v:1, k:ed@triangulo, mode:FULL, rate:0, size:62
2026-06-04 01:33:07, EXEC, v:1, k:ed@triangulo, mode:FULL, rate:0, size:62
2026-06-04 01:35:09, EXEC, v:1, k:ed@triangulo, mode:FULL, rate:0, size:62
2026-06-04 01:35:13, EXEC, v:1, k:ed@triangulo, mode:FULL, rate:0
2026-06-04 01:35:43, EXEC, v:1, k:ed@triangulo, mode:FULL, size:63, fail:COMP
2026-06-04 01:35:42, MOVE, v:1, k:ed@triangulo, mode:EDIT
2026-06-04 01:37:40, EXEC, v:1, k:ed@triangulo, mode:FULL, rate:0, size:63
2026-06-04 01:38:09, EXEC, v:1, k:ed@triangulo, mode:FULL, rate:0, size:64
2026-06-04 01:38:07, MOVE, v:1, k:ed@triangulo, mode:EDIT
2026-06-04 01:41:21, EXEC, v:1, k:ed@triangulo, mode:FULL, rate:0, size:69
2026-06-04 01:43:06, EXEC, v:1, k:ed@triangulo, mode:FULL, rate:0, size:67
2026-06-04 01:43:37, EXEC, v:1, k:ed@triangulo, mode:FULL, rate:0, size:71
2026-06-04 01:45:54, MOVE, v:1, k:ed@triangulo, mode:EDIT
2026-06-04 01:46:13, EXEC, v:1, k:ed@triangulo, mode:FULL, rate:0, size:68
2026-06-04 01:46:24, EXEC, v:1, k:ed@triangulo, mode:FULL, rate:0
2026-06-04 01:46:42, EXEC, v:1, k:ed@triangulo, mode:FULL, rate:0, size:68
2026-06-04 01:46:49, MOVE, v:1, k:ed@triangulo, mode:PICK
2026-06-04 01:46:50, EXEC, v:1, k:ed@triangulo, mode:FULL, rate:0
2026-06-04 01:46:57, MOVE, v:1, k:ed@triangulo, mode:PICK
2026-06-04 01:47:44, EXEC, v:1, k:ed@triangulo, mode:FULL, rate:0
2026-06-04 01:47:49, EXEC, v:1, k:ed@triangulo, mode:FULL, rate:0, size:68
2026-06-04 01:49:43, EXEC, v:1, k:ed@triangulo, mode:FULL, rate:0, size:68
2026-06-04 01:49:41, MOVE, v:1, k:ed@triangulo, mode:EDIT
2026-06-04 01:54:30, EXEC, v:1, k:ed@triangulo, mode:FULL, rate:0, size:68
2026-06-04 01:54:42, EXEC, v:1, k:ed@triangulo, mode:FULL, rate:0, size:68
2026-06-04 01:54:40, MOVE, v:1, k:ed@triangulo, mode:EDIT
2026-06-04 01:58:48, EXEC, v:1, k:ed@triangulo, mode:FULL, rate:0, size:68
2026-06-04 01:58:45, MOVE, v:1, k:ed@triangulo, mode:EDIT
2026-06-04 02:10:11, EXEC, v:1, k:ed@triangulo, mode:FULL, rate:0, size:68
2026-06-04 02:10:20, EXEC, v:1, k:ed@triangulo, mode:FULL, rate:0, size:68
2026-06-04 02:10:50, EXEC, v:1, k:ed@triangulo, mode:FULL, rate:0, size:69
2026-06-04 02:11:04, EXEC, v:1, k:ed@triangulo, mode:FULL, rate:0, size:70
2026-06-04 02:11:10, EXEC, v:1, k:ed@triangulo, mode:FULL, rate:0, size:66
2026-06-04 02:11:25, EXEC, v:1, k:ed@triangulo, mode:FULL, rate:0, size:66
2026-06-04 02:11:24, MOVE, v:1, k:ed@triangulo, mode:EDIT
2026-06-04 02:12:17, EXEC, v:1, k:ed@triangulo, mode:FULL, rate:0, size:73
2026-06-04 02:12:35, EXEC, v:1, k:ed@triangulo, mode:FULL, size:73, fail:COMP
2026-06-04 02:13:23, EXEC, v:1, k:ed@triangulo, mode:FULL, rate:0, size:73
2026-06-04 02:13:21, MOVE, v:1, k:ed@triangulo, mode:EDIT
2026-06-04 02:22:21, EXEC, v:1, k:ed@triangulo, mode:FULL, size:74, fail:COMP
2026-06-04 02:23:47, EXEC, v:1, k:ed@triangulo, mode:FULL, size:75, fail:COMP
2026-06-04 02:23:50, EXEC, v:1, k:ed@triangulo, mode:FULL, fail:COMP
2026-06-04 02:24:16, EXEC, v:1, k:ed@triangulo, mode:FULL, size:75, fail:COMP
2026-06-04 02:24:28, EXEC, v:1, k:ed@triangulo, mode:FULL, rate:0, size:74
2026-06-04 02:24:55, EXEC, v:1, k:ed@triangulo, mode:FULL, size:78, fail:COMP
2026-06-04 02:25:50, EXEC, v:1, k:ed@triangulo, mode:FULL, size:75, fail:COMP
2026-06-04 02:25:48, MOVE, v:1, k:ed@triangulo, mode:EDIT
2026-06-04 02:28:28, EXEC, v:1, k:ed@triangulo, mode:FULL, size:63, fail:COMP
2026-06-04 02:29:05, EXEC, v:1, k:ed@triangulo, mode:FULL, rate:0, size:63
2026-06-04 02:29:30, EXEC, v:1, k:ed@triangulo, mode:FULL, rate:0, size:63
2026-06-04 02:29:41, EXEC, v:1, k:ed@triangulo, mode:FULL, rate:0, size:62
2026-06-04 02:29:49, EXEC, v:1, k:ed@triangulo, mode:FULL, rate:0, size:62
2026-06-04 02:30:01, EXEC, v:1, k:ed@triangulo, mode:FULL, rate:0, size:63
2026-06-04 02:30:07, EXEC, v:1, k:ed@triangulo, mode:FULL, rate:0, size:63
2026-06-04 02:30:26, EXEC, v:1, k:ed@triangulo, mode:FULL, rate:0, size:65
2026-06-04 02:30:36, EXEC, v:1, k:ed@triangulo, mode:FULL, rate:0, size:67
2026-06-04 02:31:26, EXEC, v:1, k:ed@triangulo, mode:FULL, rate:0, size:63
2026-06-04 02:31:24, MOVE, v:1, k:ed@triangulo, mode:EDIT
2026-06-04 02:33:07, EXEC, v:1, k:ed@triangulo, mode:FULL, rate:0, size:60
2026-06-04 02:33:37, EXEC, v:1, k:ed@triangulo, mode:FULL, size:60, fail:COMP
2026-06-04 02:34:35, MOVE, v:1, k:ed@triangulo, mode:PICK
2026-06-04 02:34:35, EXEC, v:1, k:ed@triangulo, mode:FULL, rate:0, size:64
2026-06-04 02:34:41, EXEC, v:1, k:ed@triangulo, mode:FULL, rate:0
2026-06-04 02:34:48, MOVE, v:1, k:ed@triangulo, mode:BACK
2026-06-04 02:34:49, MOVE, v:1, k:ed@triangulo, mode:PICK
2026-06-04 02:34:49, EXEC, v:1, k:ed@triangulo, mode:FULL, rate:0
2026-06-04 02:34:56, EXEC, v:1, k:ed@triangulo, mode:FULL, rate:0, size:63
2026-06-04 02:35:04, EXEC, v:1, k:ed@triangulo, mode:FULL, rate:0, size:64
2026-06-04 02:35:12, EXEC, v:1, k:ed@triangulo, mode:FULL, rate:0, size:60
2026-06-04 02:35:21, EXEC, v:1, k:ed@triangulo, mode:FULL, rate:100, size:63
2026-06-04 02:35:24, MOVE, v:1, k:ed@triangulo, mode:BACK
2026-06-04 02:35:35, SELF, v:1, k:ed@triangulo, self:1, rate:100, study:60, concept:1
2026-06-04 02:35:19, MOVE, v:1, k:ed@triangulo, mode:EDIT
2026-06-04 03:39:04, MOVE, v:1, k:ed@treinando, mode:DOWN
2026-06-04 03:42:13, MOVE, v:1, k:ed@treinando, mode:PICK
2026-06-04 03:42:19, MOVE, v:1, k:ed@treinando, mode:BACK
2026-06-04 03:42:29, MOVE, v:1, k:ed@apagando, mode:PICK
2026-06-04 03:42:32, EXEC, v:1, k:ed@apagando, mode:FULL, fail:COMP
2026-06-04 03:42:33, EXEC, v:1, k:ed@apagando, mode:FULL, fail:COMP
2026-06-04 03:42:39, MOVE, v:1, k:ed@apagando, mode:BACK
2026-06-04 03:48:07, MOVE, v:1, k:ed@treinando, mode:PICK
2026-06-04 03:55:28, EXEC, v:1, k:ed@treinando, mode:FULL, rate:0, size:89
2026-06-04 03:55:52, EXEC, v:1, k:ed@treinando, mode:FULL, size:89, fail:COMP
2026-06-04 03:55:55, EXEC, v:1, k:ed@treinando, mode:FULL, size:89, fail:COMP
2026-06-04 03:56:06, EXEC, v:1, k:ed@treinando, mode:FULL, rate:0, size:89
2026-06-04 03:56:04, MOVE, v:1, k:ed@treinando, mode:EDIT
2026-06-04 04:04:12, EXEC, v:1, k:ed@treinando, mode:FULL, size:94, fail:COMP
2026-06-04 04:04:42, EXEC, v:1, k:ed@treinando, mode:FULL, size:94, fail:COMP
2026-06-04 04:04:58, EXEC, v:1, k:ed@treinando, mode:FULL, rate:0, size:94
2026-06-04 04:05:14, EXEC, v:1, k:ed@treinando, mode:FULL, rate:0, size:94
2026-06-04 04:05:23, EXEC, v:1, k:ed@treinando, mode:FULL, rate:0, size:91
2026-06-04 04:05:29, EXEC, v:1, k:ed@treinando, mode:FULL, rate:0
2026-06-04 04:05:39, EXEC, v:1, k:ed@treinando, mode:FULL, rate:0, size:91
2026-06-04 04:05:45, EXEC, v:1, k:ed@treinando, mode:FULL, size:91, fail:COMP
2026-06-04 04:06:18, EXEC, v:1, k:ed@treinando, mode:FULL, rate:0, size:91
2026-06-04 04:07:27, EXEC, v:1, k:ed@treinando, mode:FULL, rate:0, size:90
2026-06-04 04:07:47, MOVE, v:1, k:ed@treinando, mode:EDIT
2026-06-04 04:07:59, EXEC, v:1, k:ed@treinando, mode:FULL, rate:0, size:90
2026-06-04 04:08:52, EXEC, v:1, k:ed@treinando, mode:FULL, rate:0, size:94
2026-06-04 04:10:17, EXEC, v:1, k:ed@treinando, mode:FULL, rate:0, size:94
2026-06-04 04:10:28, EXEC, v:1, k:ed@treinando, mode:FULL, size:94, fail:COMP
2026-06-04 04:10:36, EXEC, v:1, k:ed@treinando, mode:FULL, rate:0, size:94
2026-06-04 04:10:34, MOVE, v:1, k:ed@treinando, mode:EDIT
2026-06-04 04:14:20, EXEC, v:1, k:ed@treinando, mode:FULL, rate:0, size:94
2026-06-04 04:17:19, EXEC, v:1, k:ed@treinando, mode:FULL, rate:0, size:94
2026-06-04 04:17:25, EXEC, v:1, k:ed@treinando, mode:FULL, rate:0
2026-06-04 04:17:23, MOVE, v:1, k:ed@treinando, mode:EDIT
2026-06-04 04:18:24, EXEC, v:1, k:ed@treinando, mode:FULL, rate:0, size:94
2026-06-04 04:19:20, EXEC, v:1, k:ed@treinando, mode:FULL, rate:0, size:94
2026-06-04 04:19:34, EXEC, v:1, k:ed@treinando, mode:FULL, rate:16, size:94
2026-06-04 04:22:20, EXEC, v:1, k:ed@treinando, mode:FULL, rate:16, size:102
2026-06-04 04:22:16, MOVE, v:1, k:ed@treinando, mode:EDIT
2026-06-04 04:23:50, EXEC, v:1, k:ed@treinando, mode:FULL, rate:16, size:102
2026-06-04 04:24:13, EXEC, v:1, k:ed@treinando, mode:FULL, size:102, fail:COMP
2026-06-04 04:24:20, EXEC, v:1, k:ed@treinando, mode:FULL, size:102, fail:COMP
2026-06-04 04:24:39, EXEC, v:1, k:ed@treinando, mode:FULL, rate:16, size:102
2026-06-04 04:24:55, EXEC, v:1, k:ed@treinando, mode:FULL, rate:16, size:102
2026-06-04 04:25:26, EXEC, v:1, k:ed@treinando, mode:FULL, rate:16, size:102
2026-06-04 04:26:48, EXEC, v:1, k:ed@treinando, mode:FULL, rate:16, size:103
2026-06-04 04:27:05, EXEC, v:1, k:ed@treinando, mode:FULL, rate:16, size:103
2026-06-04 04:27:41, EXEC, v:1, k:ed@treinando, mode:FULL, rate:16, size:103
2026-06-04 04:27:39, MOVE, v:1, k:ed@treinando, mode:EDIT
2026-06-04 04:28:54, EXEC, v:1, k:ed@treinando, mode:FULL, rate:16, size:102
2026-06-04 04:30:24, EXEC, v:1, k:ed@treinando, mode:FULL, rate:16, size:102
2026-06-04 04:30:58, EXEC, v:1, k:ed@treinando, mode:FULL, rate:33, size:102
2026-06-04 04:30:56, MOVE, v:1, k:ed@treinando, mode:EDIT
2026-06-04 04:39:35, MOVE, v:1, k:ed@treinando, mode:BACK
2026-06-04 04:39:47, MOVE, v:1, k:ed@treinando, mode:PICK
2026-06-04 04:39:48, EXEC, v:1, k:ed@treinando, mode:FULL, rate:33
2026-06-04 04:45:16, EXEC, v:1, k:ed@treinando, mode:FULL, size:109, fail:COMP
2026-06-04 04:45:19, EXEC, v:1, k:ed@treinando, mode:FULL, fail:COMP
2026-06-04 04:45:31, EXEC, v:1, k:ed@treinando, mode:FULL, rate:50, size:109
2026-06-04 04:45:29, MOVE, v:1, k:ed@treinando, mode:EDIT
2026-06-04 04:56:56, EXEC, v:1, k:ed@treinando, mode:FULL, size:116, fail:COMP
2026-06-04 04:57:05, EXEC, v:1, k:ed@treinando, mode:FULL, rate:50, size:116
2026-06-04 04:58:32, EXEC, v:1, k:ed@treinando, mode:FULL, size:116, fail:COMP
2026-06-04 04:58:40, EXEC, v:1, k:ed@treinando, mode:FULL, size:116, fail:COMP
2026-06-04 04:58:46, EXEC, v:1, k:ed@treinando, mode:FULL, size:116, fail:COMP
2026-06-04 04:58:44, MOVE, v:1, k:ed@treinando, mode:EDIT
2026-06-04 04:59:49, EXEC, v:1, k:ed@treinando, mode:FULL, rate:66, size:116
2026-06-04 05:00:27, EXEC, v:1, k:ed@treinando, mode:FULL, rate:66, size:123
2026-06-04 05:01:37, EXEC, v:1, k:ed@treinando, mode:FULL, rate:83, size:123
2026-06-04 05:04:02, MOVE, v:1, k:ed@treinando, mode:BACK
2026-06-04 05:04:08, MOVE, v:1, k:ed@treinando, mode:PICK
2026-06-04 05:04:10, MOVE, v:1, k:ed@treinando, mode:BACK
2026-06-04 05:04:23, MOVE, v:1, k:ed@treinando, mode:PICK
2026-06-04 05:01:35, MOVE, v:1, k:ed@treinando, mode:EDIT
2026-06-04 05:06:43, MOVE, v:1, k:ed@treinando, mode:BACK
2026-06-04 05:06:54, MOVE, v:1, k:ed@treinando, mode:PICK
2026-06-04 05:06:58, EXEC, v:1, k:ed@treinando, mode:FULL, rate:83
2026-06-04 05:07:14, EXEC, v:1, k:ed@treinando, mode:FULL, size:132, fail:COMP
2026-06-04 05:07:23, EXEC, v:1, k:ed@treinando, mode:FULL, size:132, fail:COMP
2026-06-04 05:07:29, EXEC, v:1, k:ed@treinando, mode:FULL, size:132, fail:COMP
2026-06-04 05:07:35, EXEC, v:1, k:ed@treinando, mode:FULL, size:132, fail:COMP
2026-06-04 05:07:42, EXEC, v:1, k:ed@treinando, mode:FULL, rate:83, size:131
2026-06-04 05:09:40, EXEC, v:1, k:ed@treinando, mode:FULL, size:144, fail:COMP
2026-06-04 05:09:38, MOVE, v:1, k:ed@treinando, mode:EDIT
2026-06-04 05:11:38, EXEC, v:1, k:ed@treinando, mode:FULL, size:148, fail:COMP
2026-06-04 05:12:43, EXEC, v:1, k:ed@treinando, mode:FULL, size:148, fail:COMP
2026-06-04 05:13:59, EXEC, v:1, k:ed@treinando, mode:FULL, rate:83, size:145
2026-06-04 05:14:19, EXEC, v:1, k:ed@treinando, mode:FULL, rate:83, size:144
2026-06-04 05:14:16, MOVE, v:1, k:ed@treinando, mode:EDIT
2026-06-04 05:14:45, EXEC, v:1, k:ed@treinando, mode:FULL, rate:100, size:147
2026-06-04 05:14:47, MOVE, v:1, k:ed@treinando, mode:BACK
2026-06-04 05:14:55, SELF, v:1, k:ed@treinando, self:1, rate:100, study:70, concept:1
2026-06-04 05:15:04, MOVE, v:1, k:ed@resto, mode:DOWN
2026-06-04 16:35:24, SELF, v:1, k:ed@treinando, self:1, rate:100, study:70, concept:1
2026-06-04 16:36:04, MOVE, v:1, k:ed@resto, mode:PICK
2026-06-04 16:36:09, EXEC, v:1, k:ed@resto, mode:FULL, rate:0, size:5
2026-06-04 16:36:14, EXEC, v:1, k:ed@resto, mode:FULL, rate:0
2026-06-04 16:37:28, MOVE, v:1, k:ed@resto, mode:BACK
2026-06-04 16:37:40, SELF, v:1, k:ed@recursao, self:1
2026-06-04 16:38:26, MOVE, v:1, k:ed@resto, mode:PICK
2026-06-04 16:38:28, EXEC, v:1, k:ed@resto, mode:FULL, rate:0
2026-06-04 16:38:28, MOVE, v:1, k:ed@resto, mode:EDIT
2026-06-04 16:40:18, MOVE, v:1, k:ed@resto, mode:EDIT
2026-06-04 16:45:27, MOVE, v:1, k:ed@resto, mode:EDIT
2026-06-04 16:47:38, MOVE, v:1, k:ed@resto, mode:EDIT
2026-06-04 16:54:04, MOVE, v:1, k:ed@resto, mode:EDIT
2026-06-04 16:58:38, MOVE, v:1, k:ed@resto, mode:EDIT
2026-06-04 17:10:12, EXEC, v:1, k:ed@resto, mode:FULL, rate:0, size:24
2026-06-04 17:10:10, MOVE, v:1, k:ed@resto, mode:EDIT
2026-06-04 17:10:12, MOVE, v:1, k:ed@resto, mode:EDIT
2026-06-04 17:15:16, EXEC, v:1, k:ed@resto, mode:FULL, rate:0, size:26
2026-06-04 17:15:15, MOVE, v:1, k:ed@resto, mode:EDIT
2026-06-04 17:15:16, MOVE, v:1, k:ed@resto, mode:EDIT
2026-06-04 17:15:38, EXEC, v:1, k:ed@resto, mode:FULL, rate:0, size:25
2026-06-04 17:15:50, EXEC, v:1, k:ed@resto, mode:FULL, rate:0, size:25
2026-06-04 17:16:21, EXEC, v:1, k:ed@resto, mode:FULL, rate:100, size:26
2026-06-04 17:16:23, MOVE, v:1, k:ed@resto, mode:BACK
2026-06-04 17:16:35, SELF, v:1, k:ed@resto, self:1, rate:100, study:30
2026-06-04 17:16:46, MOVE, v:1, k:ed@mdc, mode:DOWN
2026-06-04 17:16:46, MOVE, v:1, k:ed@mdc, mode:EDIT
2026-06-04 17:16:46, MOVE, v:1, k:ed@mdc, mode:EDIT
2026-06-04 17:16:46, MOVE, v:1, k:ed@mdc, mode:EDIT
2026-06-04 17:22:57, MOVE, v:1, k:ed@mdc, mode:PICK
2026-06-04 17:23:00, EXEC, v:1, k:ed@mdc, mode:FULL, rate:0, size:15
2026-06-04 17:23:06, EXEC, v:1, k:ed@mdc, mode:FULL, rate:0
2026-06-04 17:23:06, MOVE, v:1, k:ed@mdc, mode:EDIT
2026-06-04 17:26:57, MOVE, v:1, k:ed@mdc, mode:EDIT
2026-06-04 17:28:33, EXEC, v:1, k:ed@mdc, mode:FULL, rate:0, size:27
2026-06-04 17:29:08, EXEC, v:1, k:ed@mdc, mode:FULL, rate:100, size:25
2026-06-04 17:29:09, MOVE, v:1, k:ed@mdc, mode:BACK
2026-06-04 17:29:23, SELF, v:1, k:ed@mdc, self:1, rate:100, study:10
2026-06-04 17:29:48, MOVE, v:1, k:ed@queimada, mode:DOWN
2026-06-04 17:29:49, MOVE, v:1, k:ed@queimada, mode:PICK
2026-06-04 17:30:29, MOVE, v:1, k:ed@queimada, mode:BACK
2026-06-04 17:29:48, MOVE, v:1, k:ed@queimada, mode:EDIT
2026-06-04 17:29:48, MOVE, v:1, k:ed@queimada, mode:EDIT
2026-06-04 17:29:57, MOVE, v:1, k:ed@queimada, mode:EDIT
2026-06-04 20:01:46, MOVE, v:1, k:ed@queimada, mode:PICK
2026-06-04 20:01:51, EXEC, v:1, k:ed@queimada, mode:FULL, rate:16, size:41
2026-06-04 20:01:51, MOVE, v:1, k:ed@queimada, mode:EDIT
2026-06-04 20:07:48, MOVE, v:1, k:ed@queimada, mode:BACK
2026-06-04 20:08:03, SELF, v:1, k:ed@mdc, self:1, rate:100
2026-06-04 20:08:49, MOVE, v:1, k:ed@queimada, mode:PICK
2026-06-04 20:09:44, EXEC, v:1, k:ed@queimada, mode:FULL, rate:16
2026-06-04 20:09:44, MOVE, v:1, k:ed@queimada, mode:EDIT
2026-06-04 20:10:25, MOVE, v:1, k:ed@queimada, mode:EDIT
2026-06-04 20:15:47, MOVE, v:1, k:ed@queimada, mode:EDIT
2026-06-04 20:19:34, EXEC, v:1, k:ed@queimada, mode:FULL, rate:100, size:52
2026-06-04 20:19:38, MOVE, v:1, k:ed@queimada, mode:BACK
2026-06-04 20:19:59, SELF, v:1, k:ed@queimada, self:1, rate:100, study:12, concept:1
2026-06-04 20:20:08, MOVE, v:1, k:ed@labirinto, mode:DOWN
2026-06-04 20:21:58, MOVE, v:1, k:ed@fractais_png, mode:DOWN
2026-06-04 20:22:16, MOVE, v:1, k:ed@fractais_png, mode:DOWN
2026-06-04 20:21:58, MOVE, v:1, k:ed@fractais_png, mode:EDIT
2026-06-04 20:21:58, MOVE, v:1, k:ed@fractais_png, mode:EDIT
2026-06-04 20:34:58, MOVE, v:1, k:ed@labirinto, mode:EDIT
2026-06-04 20:40:02, MOVE, v:1, k:ed@labirinto, mode:EDIT
2026-06-04 20:42:32, MOVE, v:1, k:ed@labirinto, mode:PICK
2026-06-04 20:44:36, MOVE, v:1, k:ed@labirinto, mode:EDIT
2026-06-04 20:50:15, MOVE, v:1, k:ed@labirinto, mode:EDIT
2026-06-04 20:51:15, EXEC, v:1, k:ed@labirinto, mode:FULL, size:84, fail:COMP
2026-06-04 20:51:26, EXEC, v:1, k:ed@labirinto, mode:FULL, rate:0, size:84
2026-06-04 20:51:36, EXEC, v:1, k:ed@labirinto, mode:FULL, rate:0, size:84
2026-06-04 20:52:57, EXEC, v:1, k:ed@labirinto, mode:FULL, rate:0, size:84
2026-06-04 20:52:55, MOVE, v:1, k:ed@labirinto, mode:EDIT
2026-06-04 20:52:55, MOVE, v:1, k:ed@labirinto, mode:EDIT
2026-06-04 21:00:43, EXEC, v:1, k:ed@labirinto, mode:FULL, rate:0, size:85
2026-06-04 21:00:28, MOVE, v:1, k:ed@labirinto, mode:EDIT
2026-06-04 21:00:42, MOVE, v:1, k:ed@labirinto, mode:EDIT
2026-06-04 21:00:54, MOVE, v:1, k:ed@labirinto, mode:BACK
2026-06-04 21:01:46, MOVE, v:1, k:ed@queimada, mode:PICK
2026-06-04 21:01:47, MOVE, v:1, k:ed@queimada, mode:BACK
2026-06-04 21:01:49, MOVE, v:1, k:ed@labirinto, mode:PICK
2026-06-04 21:01:51, EXEC, v:1, k:ed@labirinto, mode:FULL, rate:0
2026-06-04 21:02:05, EXEC, v:1, k:ed@labirinto, mode:FULL, rate:0, size:86
2026-06-04 21:02:18, EXEC, v:1, k:ed@labirinto, mode:FULL, rate:0, size:86
2026-06-04 21:03:25, EXEC, v:1, k:ed@labirinto, mode:FULL, size:87, fail:COMP
2026-06-04 21:04:33, EXEC, v:1, k:ed@labirinto, mode:FULL, rate:100, size:87
2026-06-04 21:04:35, MOVE, v:1, k:ed@labirinto, mode:BACK
2026-06-04 21:05:31, SELF, v:1, k:ed@labirinto, self:1, rate:100, study:25, concept:1
2026-06-04 21:06:49, MOVE, v:1, k:ed@eh_primo, mode:DOWN
2026-06-04 21:06:49, MOVE, v:1, k:ed@eh_primo, mode:EDIT
2026-06-04 21:06:49, MOVE, v:1, k:ed@eh_primo, mode:EDIT
2026-06-04 21:06:49, MOVE, v:1, k:ed@eh_primo, mode:EDIT
2026-06-04 21:13:02, MOVE, v:1, k:ed@eh_primo, mode:PICK
2026-06-04 21:13:06, EXEC, v:1, k:ed@eh_primo, mode:FULL, rate:0, size:34
2026-06-04 21:13:20, EXEC, v:1, k:ed@eh_primo, mode:FULL, rate:0, size:30
2026-06-04 21:13:49, EXEC, v:1, k:ed@eh_primo, mode:FULL, rate:55, size:34
2026-06-04 21:15:03, MOVE, v:1, k:ed@eh_primo, mode:EDIT
2026-06-04 21:13:49, MOVE, v:1, k:ed@eh_primo, mode:EDIT
2026-06-04 21:15:15, EXEC, v:1, k:ed@eh_primo, mode:FULL, rate:100, size:36
2026-06-04 21:15:17, MOVE, v:1, k:ed@eh_primo, mode:BACK
