2026-06-11 19:51:26, MOVE, v:1, k:ed@editorint, mode:DOWN
2026-06-11 19:51:29, MOVE, v:1, k:ed@lista_d2, mode:PICK
2026-06-11 19:51:29, EXEC, v:1, k:ed@lista_d2, mode:FULL, size:147, fail:COMP
2026-06-11 19:51:26, MOVE, v:1, k:ed@editorint, mode:EDIT
2026-06-11 19:51:26, MOVE, v:1, k:ed@editorint, mode:EDIT
2026-06-11 19:51:26, MOVE, v:1, k:ed@editorint, mode:EDIT
2026-06-11 19:51:26, MOVE, v:1, k:ed@editorint, mode:EDIT
2026-06-11 19:55:42, MOVE, v:1, k:ed@lista_d2, mode:EDIT
2026-06-11 20:00:48, MOVE, v:1, k:ed@lista_d2, mode:EDIT
2026-06-11 20:06:25, MOVE, v:1, k:ed@lista_d2, mode:EDIT
2026-06-11 20:06:45, MOVE, v:1, k:ed@lista_d2, mode:EDIT
2026-06-11 20:12:30, EXEC, v:1, k:ed@lista_d2, mode:FULL, rate:20, size:183
2026-06-11 20:17:07, MOVE, v:1, k:ed@lista_d2, mode:PICK
2026-06-11 20:17:08, EXEC, v:1, k:ed@lista_d2, mode:FULL, rate:20, size:220
2026-06-11 20:17:08, MOVE, v:1, k:ed@lista_d2, mode:EDIT
2026-06-11 20:22:01, MOVE, v:1, k:ed@lista_d2, mode:EDIT
2026-06-11 20:26:22, EXEC, v:1, k:ed@lista_d2, mode:FULL, rate:20, size:244
2026-06-11 20:26:31, EXEC, v:1, k:ed@lista_d2, mode:FULL, rate:20
2026-06-11 20:26:18, MOVE, v:1, k:ed@lista_d2, mode:EDIT
2026-06-11 20:26:27, MOVE, v:1, k:ed@lista_d2, mode:EDIT
2026-06-11 20:27:59, EXEC, v:1, k:ed@lista_d2, mode:FULL, rate:20, size:244
2026-06-11 20:28:34, EXEC, v:1, k:ed@lista_d2, mode:FULL, rate:20, size:244
2026-06-11 20:29:26, EXEC, v:1, k:ed@lista_d2, mode:FULL, rate:20, size:236
2026-06-11 20:29:42, EXEC, v:1, k:ed@lista_d2, mode:FULL, rate:40, size:236
2026-06-11 20:32:05, MOVE, v:1, k:ed@lista_d2, mode:EDIT
2026-06-11 20:29:42, MOVE, v:1, k:ed@lista_d2, mode:EDIT
2026-06-11 20:35:17, EXEC, v:1, k:ed@lista_d2, mode:FULL, rate:40, size:245
2026-06-11 20:36:13, EXEC, v:1, k:ed@lista_d2, mode:FULL, rate:60, size:246
2026-06-11 20:37:04, MOVE, v:1, k:ed@lista_d2, mode:EDIT
2026-06-11 20:36:13, MOVE, v:1, k:ed@lista_d2, mode:EDIT
2026-06-11 20:41:26, EXEC, v:1, k:ed@lista_d2, mode:FULL, size:266, fail:COMP
2026-06-11 20:41:46, MOVE, v:1, k:ed@lista_d2, mode:EDIT
2026-06-11 20:42:11, EXEC, v:1, k:ed@lista_d2, mode:FULL, rate:80, size:262
2026-06-11 20:43:37, EXEC, v:1, k:ed@lista_d2, mode:FULL, rate:100, size:274
2026-06-11 20:43:38, MOVE, v:1, k:ed@lista_d2, mode:BACK
2026-06-11 20:43:53, SELF, v:1, k:ed@lista_d2, self:1, rate:100, study:60, concept:1
2026-06-11 20:43:54, MOVE, v:1, k:ed@lista_d2, mode:PICK
2026-06-11 20:43:55, MOVE, v:1, k:ed@lista_d2, mode:BACK
2026-06-11 20:44:00, MOVE, v:1, k:ed@editorint, mode:PICK
2026-06-11 20:44:01, EXEC, v:1, k:ed@editorint, mode:FULL, size:261, fail:COMP
2026-06-11 20:44:17, MOVE, v:1, k:ed@editorint, mode:BACK
