2026-07-09 04:17:47, MOVE, v:1, k:ed@bst_insert, mode:PICK
2026-07-09 04:17:50, EXEC, v:1, k:ed@bst_insert, mode:FULL, size:63, fail:COMP
2026-07-09 04:17:55, EXEC, v:1, k:ed@bst_insert, mode:FULL, rate:0, size:63
2026-07-09 04:19:59, EXEC, v:1, k:ed@bst_insert, mode:FREE, size:65
2026-07-09 04:20:06, MOVE, v:1, k:ed@bst_insert, mode:BACK
2026-07-09 04:20:17, MOVE, v:1, k:ed@bst_insert, mode:PICK
2026-07-09 04:21:09, MOVE, v:1, k:ed@bst_insert, mode:EDIT
2026-07-09 04:19:59, MOVE, v:1, k:ed@bst_insert, mode:EDIT
2026-07-09 04:24:57, EXEC, v:1, k:ed@bst_insert, mode:FULL, rate:0, size:78
2026-07-09 04:25:49, EXEC, v:1, k:ed@bst_insert, mode:FULL, size:79, fail:COMP
2026-07-09 04:25:52, EXEC, v:1, k:ed@bst_insert, mode:FULL, rate:16, size:79
2026-07-09 04:25:52, MOVE, v:1, k:ed@bst_insert, mode:EDIT
2026-07-09 04:25:52, MOVE, v:1, k:ed@bst_insert, mode:EDIT
2026-07-09 04:29:37, EXEC, v:1, k:ed@bst_insert, mode:FULL, rate:16, size:89
2026-07-09 04:29:41, EXEC, v:1, k:ed@bst_insert, mode:FULL, rate:16, size:89
2026-07-09 04:29:48, EXEC, v:1, k:ed@bst_insert, mode:FULL, rate:16, size:89
2026-07-09 04:30:54, EXEC, v:1, k:ed@bst_insert, mode:FULL, rate:16, size:91
2026-07-09 04:30:54, MOVE, v:1, k:ed@bst_insert, mode:EDIT
2026-07-09 04:30:54, MOVE, v:1, k:ed@bst_insert, mode:EDIT
2026-07-09 04:36:12, MOVE, v:1, k:ed@bst_insert, mode:EDIT
2026-07-09 04:39:25, EXEC, v:1, k:ed@bst_insert, mode:FULL, rate:33, size:95
2026-07-09 04:40:44, EXEC, v:1, k:ed@bst_insert, mode:FULL, rate:16, size:98
2026-07-09 04:40:43, MOVE, v:1, k:ed@bst_insert, mode:EDIT
2026-07-09 04:40:44, MOVE, v:1, k:ed@bst_insert, mode:EDIT
2026-07-09 04:41:34, EXEC, v:1, k:ed@bst_insert, mode:FULL, rate:33, size:95
2026-07-09 04:43:01, EXEC, v:1, k:ed@bst_insert, mode:FULL, rate:16, size:97
2026-07-09 04:44:36, MOVE, v:1, k:ed@bst_insert, mode:EDIT
2026-07-09 04:43:01, MOVE, v:1, k:ed@bst_insert, mode:EDIT
2026-07-09 04:51:11, MOVE, v:1, k:ed@bst_insert, mode:EDIT
2026-07-09 04:51:23, EXEC, v:1, k:ed@bst_insert, mode:FULL, size:83, fail:COMP
2026-07-09 04:51:27, EXEC, v:1, k:ed@bst_insert, mode:FULL, rate:100, size:83
2026-07-09 04:51:28, MOVE, v:1, k:ed@bst_insert, mode:BACK
2026-07-09 04:51:33, SELF, v:1, k:ed@bst_insert, self:1, rate:100, study:30
2026-07-09 04:51:48, MOVE, v:1, k:ed@dfs_read, mode:DOWN
2026-07-09 04:51:50, MOVE, v:1, k:ed@dfs_read, mode:PICK
2026-07-09 04:51:51, EXEC, v:1, k:ed@dfs_read, mode:LOCK, rate:0, size:5
2026-07-09 04:51:53, MOVE, v:1, k:ed@dfs_read, mode:BACK
2026-07-09 04:52:02, SELF, v:1, k:ed@dfs_read, self:1
2026-07-09 04:52:10, SELF, v:1, k:ed@dfs_read, self:1, study:10
2026-07-09 04:52:11, MOVE, v:1, k:ed@dfs_read, mode:PICK
2026-07-09 04:51:26, MOVE, v:1, k:ed@bst_insert, mode:EDIT
2026-07-09 04:51:27, MOVE, v:1, k:ed@bst_insert, mode:EDIT
2026-07-09 04:51:48, MOVE, v:1, k:ed@dfs_read, mode:EDIT
2026-07-09 04:51:51, MOVE, v:1, k:ed@dfs_read, mode:EDIT
2026-07-09 04:57:36, MOVE, v:1, k:ed@dfs_read, mode:BACK
