2026-07-05 01:04:02, MOVE, v:1, k:ed@chaves, mode:PICK
2026-07-05 01:04:03, EXEC, v:1, k:ed@chaves, mode:FULL, size:69, fail:COMP
2026-07-05 01:04:21, EXEC, v:1, k:ed@chaves, mode:LOCK, size:69, fail:COMP
2026-07-05 01:07:14, MOVE, v:1, k:ed@chaves, mode:EDIT
2026-07-05 01:12:00, MOVE, v:1, k:ed@chaves, mode:EDIT
2026-07-05 01:14:44, EXEC, v:1, k:ed@chaves, mode:LOCK, rate:0, size:70
2026-07-05 01:15:57, MOVE, v:1, k:ed@chaves, mode:EDIT
2026-07-05 01:14:39, MOVE, v:1, k:ed@chaves, mode:EDIT
2026-07-05 01:20:40, EXEC, v:1, k:ed@chaves, mode:LOCK, rate:0, size:70
2026-07-05 01:20:43, EXEC, v:1, k:ed@chaves, mode:LOCK, rate:0
2026-07-05 01:20:43, MOVE, v:1, k:ed@chaves, mode:EDIT
2026-07-05 01:20:43, MOVE, v:1, k:ed@chaves, mode:EDIT
2026-07-05 01:23:13, EXEC, v:1, k:ed@chaves, mode:FULL, rate:0, size:73
2026-07-05 01:23:46, EXEC, v:1, k:ed@chaves, mode:FULL, rate:0, size:70
2026-07-05 01:24:02, EXEC, v:1, k:ed@chaves, mode:FULL, rate:0, size:70
2026-07-05 01:24:10, EXEC, v:1, k:ed@chaves, mode:FULL, rate:100, size:70
2026-07-05 01:24:12, MOVE, v:1, k:ed@chaves, mode:BACK
2026-07-05 01:24:25, SELF, v:1, k:ed@chaves, self:1, rate:100, study:40
2026-07-05 01:24:25, MOVE, v:1, k:ed@chaves, mode:PICK
2026-07-05 01:24:27, MOVE, v:1, k:ed@chaves, mode:BACK
2026-07-05 01:24:46, MOVE, v:1, k:ed@queimando, mode:DOWN
2026-07-05 01:24:48, MOVE, v:1, k:ed@queimando, mode:PICK
2026-07-05 01:26:33, EXEC, v:1, k:ed@queimando, mode:FULL, size:77, fail:COMP
2026-07-05 01:26:38, MOVE, v:1, k:ed@queimando, mode:BACK
2026-07-05 01:26:40, MOVE, v:1, k:ed@queimando, mode:PICK
2026-07-05 01:26:45, EXEC, v:1, k:ed@queimando, mode:FULL, fail:COMP
2026-07-05 01:27:14, MOVE, v:1, k:ed@queimando, mode:BACK
2026-07-05 01:34:12, MOVE, v:1, k:ed@queimada, mode:PICK
2026-07-05 01:50:26, MOVE, v:1, k:ed@queimada, mode:BACK
2026-07-05 01:51:38, MOVE, v:1, k:ed@queimada, mode:PICK
2026-07-05 01:51:40, EXEC, v:1, k:ed@queimada, mode:FULL, rate:100, size:50
2026-07-05 01:51:50, MOVE, v:1, k:ed@queimada, mode:BACK
2026-07-05 01:52:18, MOVE, v:1, k:ed@queimando, mode:PICK
2026-07-05 01:52:21, EXEC, v:1, k:ed@queimando, mode:FULL, fail:COMP
2026-07-05 01:56:09, MOVE, v:1, k:ed@queimando, mode:EDIT
2026-07-05 01:56:05, MOVE, v:1, k:ed@queimando, mode:EDIT
2026-07-05 01:57:10, MOVE, v:1, k:ed@queimando, mode:BACK
2026-07-05 17:53:30, SELF, v:1, k:ed@apagando, self:1
2026-07-05 17:53:30, MOVE, v:1, k:ed@apagando, mode:PICK
2026-07-05 17:53:30, EXEC, v:1, k:ed@apagando, mode:FULL, fail:COMP
2026-07-05 17:53:31, EXEC, v:1, k:ed@apagando, mode:FULL, fail:COMP
2026-07-05 17:53:34, MOVE, v:1, k:ed@apagando, mode:BACK
2026-07-05 17:58:51, MOVE, v:1, k:ed@apagando, mode:EDIT
2026-07-05 18:03:00, MOVE, v:1, k:ed@apagando, mode:EDIT
2026-07-05 18:08:24, MOVE, v:1, k:ed@apagando, mode:PICK
2026-07-05 18:08:28, EXEC, v:1, k:ed@apagando, mode:FULL, rate:0, size:26
2026-07-05 18:08:46, MOVE, v:1, k:ed@apagando, mode:EDIT
2026-07-05 18:08:28, MOVE, v:1, k:ed@apagando, mode:EDIT
2026-07-05 18:12:04, EXEC, v:1, k:ed@apagando, mode:FULL, rate:0, size:32
2026-07-05 18:12:10, EXEC, v:1, k:ed@apagando, mode:FULL, rate:0
2026-07-05 18:12:15, EXEC, v:1, k:ed@apagando, mode:FULL, rate:0
2026-07-05 18:12:30, EXEC, v:1, k:ed@apagando, mode:FULL, rate:0, size:32
2026-07-05 18:12:29, MOVE, v:1, k:ed@apagando, mode:EDIT
2026-07-05 18:12:30, MOVE, v:1, k:ed@apagando, mode:EDIT
2026-07-05 18:15:43, EXEC, v:1, k:ed@apagando, mode:FULL, size:32, fail:COMP
2026-07-05 18:15:49, EXEC, v:1, k:ed@apagando, mode:FULL, rate:0, size:32
2026-07-05 18:16:42, EXEC, v:1, k:ed@apagando, mode:FULL, rate:0, size:32
2026-07-05 18:16:50, EXEC, v:1, k:ed@apagando, mode:FULL, rate:0, size:32
2026-07-05 18:16:57, EXEC, v:1, k:ed@apagando, mode:FULL, rate:0, size:32
2026-07-05 18:17:22, EXEC, v:1, k:ed@apagando, mode:FULL, rate:0, size:32
2026-07-05 18:17:22, MOVE, v:1, k:ed@apagando, mode:EDIT
2026-07-05 18:17:22, MOVE, v:1, k:ed@apagando, mode:EDIT
2026-07-05 18:23:58, MOVE, v:1, k:ed@apagando, mode:EDIT
2026-07-05 18:24:48, EXEC, v:1, k:ed@apagando, mode:FULL, size:38, fail:COMP
2026-07-05 18:24:50, EXEC, v:1, k:ed@apagando, mode:FULL, rate:0, size:37
2026-07-05 18:25:31, EXEC, v:1, k:ed@apagando, mode:FULL, rate:100, size:37
2026-07-05 18:25:32, MOVE, v:1, k:ed@apagando, mode:BACK
2026-07-05 18:25:42, SELF, v:1, k:ed@apagando, self:1, rate:100, study:20
2026-07-05 18:25:42, MOVE, v:1, k:ed@apagando, mode:PICK
2026-07-05 18:25:46, MOVE, v:1, k:ed@apagando, mode:BACK
2026-07-05 18:26:36, MOVE, v:1, k:ed@queimando, mode:PICK
2026-07-05 18:26:39, EXEC, v:1, k:ed@queimando, mode:FULL, rate:20, size:82
2026-07-05 18:26:39, MOVE, v:1, k:ed@queimando, mode:EDIT
2026-07-05 18:36:00, MOVE, v:1, k:ed@queimando, mode:EDIT
2026-07-05 18:40:51, MOVE, v:1, k:ed@queimando, mode:EDIT
2026-07-05 18:45:23, EXEC, v:1, k:ed@queimando, mode:FULL, rate:20, size:103
2026-07-05 18:45:31, EXEC, v:1, k:ed@queimando, mode:FULL, rate:20
2026-07-05 18:45:38, EXEC, v:1, k:ed@queimando, mode:FULL, rate:40, size:103
2026-07-05 18:45:37, MOVE, v:1, k:ed@queimando, mode:EDIT
2026-07-05 18:45:38, MOVE, v:1, k:ed@queimando, mode:EDIT
2026-07-05 18:50:33, EXEC, v:1, k:ed@queimando, mode:FULL, rate:100, size:103
2026-07-05 18:50:35, MOVE, v:1, k:ed@queimando, mode:BACK
2026-07-05 18:50:44, SELF, v:1, k:ed@queimando, self:1, rate:100, study:30
2026-07-05 18:50:44, MOVE, v:1, k:ed@queimando, mode:PICK
2026-07-05 18:50:46, MOVE, v:1, k:ed@queimando, mode:BACK
2026-07-05 18:50:33, MOVE, v:1, k:ed@queimando, mode:EDIT
2026-07-05 18:50:33, MOVE, v:1, k:ed@queimando, mode:EDIT
2026-07-05 18:51:12, MOVE, v:1, k:ed@n_rainhas, mode:DOWN
